node.exe : Loaded 
Prisma config from 
prisma.config.ts.
At C:\Program Files\n
odejs\npx.ps1:29 
char:3
+   & $NODE_EXE 
$NPX_CLI_JS $args
+   ~~~~~~~~~~~~~~~~~
~~~~~~~~~~~~
    + CategoryInfo   
           : NotSpe  
  cified: (Loaded    
 Prisma c...isma.    
config.ts.:Strin    
g) [], RemoteExc    
eption
    + FullyQualified 
   ErrorId : Native  
  CommandError
 

Prisma schema loaded from prisma\schema.prisma
Error: Prisma schema 
validation - 
(get-config wasm)
Error code: P1012
error: The 
datasource property 
`url` is no longer 
supported in schema 
files. Move 
connection URLs for 
Migrate to 
`prisma.config.ts` 
and pass either 
`adapter` for a 
direct database 
connection or 
`accelerateUrl` for 
Accelerate to the 
`PrismaClient` 
constructor. See http
s://pris.ly/d/config-
datasource and https:
//pris.ly/d/prisma7-c
lient-config
  -->  prisma\schema.
prisma:10
   | 
 9 |   provider = 
"sqlite"
10 |   url      = 
"file:./dev.db"
   | 

Validation Error 
Count: 1
[Context: getConfig]

Prisma CLI Version : 
7.0.0
